[    0.000000] Initializing cgroup subsys cpuset
[    0.000000] Initializing cgroup subsys cpu
[    0.000000] Initializing cgroup subsys cpuacct
[    0.000000] Linux version 4.4.0-137-generic (buildd@lgw01-amd64-037) (gcc version 5.4.0 20160609 (Ubuntu 5.4.0-6ubuntu1~16.04.10) ) #163-Ubuntu SMP Mon Sep 24 13:14:43 UTC 2018 (Ubuntu 4.4.0-137.163-generic 4.4.144)
[    0.000000] Command line: BOOT_IMAGE=/boot/vmlinuz-4.4.0-137-generic root=LABEL=cloudimg-rootfs ro console=tty1 console=ttyS0
[    0.000000] KERNEL supported cpus:
[    0.000]   Intel GenuineIntel
[    0.000000]   AMD AuthenticAMD
[    0.000000]   Centaur CentaurHauls
[    0.000000] x86/fpu: xstate_offset[2]:  576, xstate_sizes[2]:  256
[    0.000000] x86/fpu: Supporting XSAVE feature 0x01: 'x87 floating point registers'
[    0.000000] x86/fpu: Supporting XSAVE feature 0x02: 'SSE registers'
[    0.000000] x86/fpu: Supporting XSAVE feature 0x04: 'AVX registers'
[    0.000000] x86/fpu: Enabled xstate features 0x7, context size is 832 bytes, using 'standard' format.
[    0.000000] e820: BIOS-provided physical RAM map:
[    0.000000] BIOS-e820: [mem 0x0000000000000000-0x000000000009fbff] usable
[    0.000000] BIOS-e820: [mem 0x000000000009fc00-0x000000000009ffff] reserved
[    0.000000] BIOS-e820: [mem 0x00000000000f0000-0x00000000000fffff] reserved
[    0.000000] BIOS-e820: [mem 0x0000000000100000-0x00000000be7effff] usable
[    0.000000] BIOS-e820: [mem 0x00000000be7f0000-0x00000000be7fffff] ACPI data
[    0.000000] BIOS-e820: [mem 0x00000000fec00000-0x00000000fec00fff] reserved
[    0.000000] BIOS-e820: [mem 0x00000000fee00000-0x00000000fee00fff] reserved
[    0.000000] BIOS-e820: [mem 0x00000000fffc0000-0x00000000ffffffff] reserved
[    0.000000] NX (Execute Disable) protection: active
[    0.000000] SMBIOS 2.5 present.
[    0.000000] Hypervisor detected: KVM
[    0.000000] e820: last_pfn = 0xbe7f0 max_arch_pfn = 0x400000000
[    0.000000] MTRR: Disabled
[    0.000000] x86/PAT: MTRRs disabled, skipping PAT initialization too.
[    0.000000] CPU MTRRs all blank - virtualized system.
[    0.000000] x86/PAT: Configuration [0-7]: WB  WT  UC- UC  WB  WT  UC- UC  
[    0.000000] found SMP MP-table at [mem 0x0009fff0-0x0009ffff] mapped at [ffff88000009fff0]
[    0.000000] Scanning 1 areas for low memory corruption
[    0.000000] RAMDISK: [mem 0x3630a000-0x3717cfff]
[    0.000000] ACPI: Early table checksum verification disabled
[    0.000000] ACPI: RSDP 0x00000000000E0000 000024 (v02 VBOX  )
[    0.000000] ACPI: XSDT 0x00000000BE7F0030 00003C (v01 VBOX   VBOXXSDT 00000001 ASL  00000061)
[    0.000000] ACPI: FACP 0x00000000BE7F00F0 0000F4 (v04 VBOX   VBOXFACP 00000001 ASL  00000061)
[    0.000000] ACPI: DSDT 0x00000000BE7F0470 0021FF (v02 VBOX   VBOXBIOS 00000002 INTL 20100528)
[    0.000000] ACPI: FACS 0x00000000BE7F0200 000040
[    0.000000] ACPI: FACS 0x00000000BE7F0200 000040
[    0.000000] ACPI: APIC 0x00000000BE7F0240 00005C (v02 VBOX   VBOXAPIC 00000001 ASL  00000061)
[    0.000000] ACPI: SSDT 0x00000000BE7F02A0 0001CC (v01 VBOX   VBOXCPUT 00000002 INTL 20100528)
[    0.000000] No NUMA configuration found
[    0.000000] Faking a node at [mem 0x0000000000000000-0x00000000be7effff]
[    0.000000] NODE_DATA(0) allocated [mem 0xbe7eb000-0xbe7effff]
[    0.000000] kvm-clock: Using msrs 4b564d01 and 4b564d00
[    0.000000] kvm-clock: cpu 0, msr 0:be7e3001, primary cpu clock
[    0.000000] kvm-clock: using sched offset of 4304211991 cycles
[    0.000000] clocksource: kvm-clock: mask: 0xffffffffffffffff max_cycles: 0x1cd42e4dffb, max_idle_ns: 881590591483 ns
[    0.000000] Zone ranges:
[    0.000000]   DMA      [mem 0x0000000000001000-0x0000000000ffffff]
[    0.000000]   DMA32    [mem 0x0000000001000000-0x00000000be7effff]
[    0.000000]   Normal   empty
[    0.000000]   Device   empty
[    0.000000] Movable zone start for each node
[    0.000000] Early memory node ranges
[    0.000000]   node   0: [mem 0x0000000000001000-0x000000000009efff]
[    0.000000]   node   0: [mem 0x0000000000100000-0x00000000be7effff]
[    0.000000] Initmem setup node 0 [mem 0x0000000000001000-0x00000000be7effff]
[    0.000000] ACPI: PM-Timer IO Port: 0x4008
[    0.000000] IOAPIC[0]: apic_id 2, version 32, address 0xfec00000, GSI 0-23
[    0.000000] ACPI: INT_SRC_OVR (bus 0 bus_irq 0 global_irq 2 dfl dfl)
[    0.000000] ACPI: INT_SRC_OVR (bus 0 bus_irq 9 global_irq 9 high level)
[    0.000000] Using ACPI (MADT) for SMP configuration information
[    0.000000] smpboot: Allowing 2 CPUs, 0 hotplug CPUs
[    0.000000] PM: Registered nosave memory: [mem 0x00000000-0x00000fff]
[    0.000000] PM: Registered nosave memory: [mem 0x0009f000-0x0009ffff]
[    0.000000] PM: Registered nosave memory: [mem 0x000a0000-0x000effff]
[    0.000000] PM: Registered nosave memory: [mem 0x000f0000-0x000fffff]
[    0.000000] e820: [mem be800000-0xfebfffff] available for PCI devices
[    0.000000] Booting paravirtualized kernel on KVM
[    0.000000] clocksource: refined-jiffies: mask: 0xffffffff max_cycles: 0xffffffff, max_idle_ns: 7645519600211568 ns
[    0.000000] setup_percpu: NR_CPUS:512 nr_cpumask_bits:512 nr_cpu_ids:2 nr_node_ids:1
[    0.000000] PERCPU: Embedded 34 pages/cpu @ffff8800be200000 s99608 r8192 d31464 u1048576
[    0.000000] PV qspinlock hash table entries: 256 (order: 0, 4096 bytes)
[    0.000000] Built 1 zonelists in Node order, mobility grouping on.  Total pages: 767960
[    0.000000] Policy zone: DMA32
[    0.000000] Kernel command line: BOOT_IMAGE=/boot/vmlinuz-4.4.0-137-generic root=LABEL=cloudimg-rotfs ro console=tty1 console=ttyS0
[    0.000000] PID hash table entries: 4096 (order: 3, 32768 bytes)
[    0.000000] Memory: 3037520K/3120696K available (8555K kernel code, 1314K rwdata, 4004K rodata, 1528K init, 1316K bss, 83176K reserved, 0K cma-reserved)
[    0.000000] SLUB: HWalign=64, Order=0-3, MinObjects=0, CPUs=2, Nodes=1
[    0.000000] Kernel/User page tables isolation: enabled
[    0.000000] Hierarchical RCU implementation.
[    0.000000] 	Build-time adjustment of leaf fanout to 64.
[    0.000000] 	RCU restricting CPUs from NR_CPUS=512 to nr_cpu_ids=2.
[    0.000000] RCU: Adjusting geometry for rcu_fanout_leaf=64, nr_cpu_ids=2
[    0.000000] NR_IRQS:33024 nr_irqs:440 16
[    0.000000] Console: colour VGA+ 80x25
[    0.000000] console [tty1] enabled
[    0.000000] console [ttyS0] enabled
[    0.000000] tsc: Detected 2396.528 MHz processor
[    8.569883] Calibrating delay loop (skipped) preset value.. 4793.05 BogoMIPS (lpj=9586112)
[    8.664605] pid_max: default: 32768 minimum: 301
[    8.726532] ACPI: Core revision 20150930
[    8.770122] ACPI: 2 ACPI AML tables successfully acquired and loaded
[    8.805625] Security Framework initialized
[    8.822981] Yama: becoming mindful.
[    8.856197] AppArmor: AppArmor initialized
[    8.901101] Dentry cache hash table entries: 524288 (order: 10, 4194304 bytes)
[    9.001329] Inode-cache hash table entries: 262144 (order: 9, 2097152 bytes)
[    9.102183] Mount-cache hash table entries: 8192 (order: 4, 65536 bytes)
[    9.172280] Mountpoint-cache hash table entries: 8192 (order: 4, 65536 bytes)
[    9.181946] Initializing cgroup subsys io
[    9.187744] Initializing cgroup subsys memory
[    9.198723] Initializing cgroup subsys devices
[    9.204895] Initializing cgroup subsys freezer
[    9.218442] Initializing cgroup subsys net_cls
[    9.244265] Initializing cgroup subsys perf_event
[    9.346696] Initializing cgroup subsys net_prio
[    9.409120] Initializing cgroup subsys hugetlb
[    9.495994] Initializing cgroup subsys pids
[    9.568175] mce: CPU supports 0 MCE banks
[    9.606565] Last level iTLB entries: 4KB 64, 2MB 8, 4MB 8
[    9.678636] Last level dTLB entries: 4KB 64, 2MB 0, 4MB 0, 1GB 4
[    9.775949] Spectre V2 : Mitigation: Full generic retpoline
[    9.841319] Spectre V2 : Spectre v2 mitigation: Speculation control IBPB not-supported IBRS not-supported
[    9.974068] Spectre V2 : Spectre v2 / SpectreRSB mitigation: Filling RSB on context switch
[   10.117646] Speculative Store Bypass: Vulnerable
[   10.175555] Freeing SMP alternatives memory: 32K
[   10.263728] ftrace: allocating 32265 entries in 127 pages
[   10.380041] smpboot: APIC(0) Converting physical 0 to logical package 0
[   10.492985] smpboot: Max logical packages: 1
[   10.501565] x2apic enabled
[   10.545241] Switched APIC routing to physical x2apic.
[   10.589827] ..TIMER: vector=0x30 apic1=0 pin1=2 apic2=-1 pin2=-1
[   10.700362] smpboot: CU0: Intel(R) Core(TM) i7-5500U CPU @ 2.40GHz (family: 0x6, model: 0x3d, stepping: 0x4)
[   10.806110] Performance Events: unsupported p6 CPU model 61 no PMU driver, software events only.
[   10.825792] KVM setup paravirtual spinlock
[   10.841850] x86: Booting SMP configuration:
[   10.859841] .... node  #0, CPUs:      #1
[   10.861949] kvm-clock: cpu 1, msr 0:be7e3041, secondary cpu clock
[   10.877762] mce: CPU supports 0 MCE banks
[   10.880533] x86: Booted up 1 node, 2 CPUs
[   10.895461] smpboot: Total of 2 processors activated (9586.11 BogoMIPS)
[   10.955942] devtmpfs: initialized
[   10.972987] evm: security.selinux
[   10.981827] evm: security.SMACK64
[   10.997733] evm: security.SMACK64EXEC
[   10.998632] evm: security.SMACK64TRANSMUTE
[   11.000679] evm: security.SMACK64MMAP
[   11.006619] evm: security.ima
[   11.023463] evm: security.capability
[   11.032047] clocksource: jiffies: mask: 0xffffffff max_cycles: 0xffffffff, max_idle_ns: 7645041785100000 ns
[   11.037994] futex hash table entries: 512 (order: 3, 32768 bytes)
[   11.043612] pinctrl core: initialized pinctrl subsystem
[   11.068393] RTC time: 17:48:35, date: 11/07/18
[   11.083010] NET: Registered protocol family 16
[   11.157934] cpuidle: using governor ladder
[   11.236063] cpuidle: using governor menu
[   11.271645] PCCT header not found.
[   11.299741] ACPI: bus type PCI registered
[   11.341065] acpiphp: ACPI Hot Plug PCI Controller Driver version: 0.5
[   11.373212] PCI: Using configuration type 1 for base access
[   11.448471] ACPI: Added _OSI(Module Device)
[   11.460008] ACPI: Added _OSI(Processor Device)
[   11.482143] ACPI: Added _OSI(3.0 _SCP Extensions)
[   11.539799] ACPI: Added _OSI(Processor Aggregator Device)
[   11.565155] ACPI: Executed 1 blocks of module-level executable AML code
[   11.572142] ACPI: Interpreter enabled
[   11.576190] ACPI: (supports S0 S5)
[   11.577034] ACPI: Using IOAPIC for interrupt routing
[   11.591725] PCI: Using host bridge windows from ACPI; if necessary, use "pci=nocrs" and report a bug
[   11.653088] ACPI: PCI Root Bridge [PCI0] (domain 0000 [bus 00-ff])
[   11.676532] acpi PNP0A03:00: _OSC: OS supports [ASPM ClockPM Segments MSI]
[   11.748546] acpi PNP0A03:00: _OSC: not requesting OS control; OS requires [ExtendedConfig ASPM ClockPM MSI]
[   11.858995] acpi PNP0A03:00: fail to add MMCONFIG information, can't access extended PCI configuration space under this bridge.
[   12.056580] PCI host bridge to bus 0000:00
[   12.148381] pci_bus 0000:00: root bus resource [io  0x0000-0x0cf7 window]
[   12.234638] pci_bus 0000:00: root bus resource [io  0x0d00-0xffff window]
[   12.281456] pci_bus 0000:00: root bus resource [mem 0x000a0000-0x000bffff window]
[   12.314379] pci_bus 0000:00: root bus resource [mem 0xbe800000-0xffdfffff window]
[   12.321879] pci_bus 0000:00: root bus resource [bus 00-ff]
[   12.328886] pci 0000:00:01.1: legacy IDE quirk: reg 0x10: [io  0x01f0-0x01f7]
[   12.382591] pci 0000:00:01.1: legacy IDE quirk: reg 0x14: [io  0x03f6]
[   12.420028] pci 0000:00:01.1: legacy IDE quirk: reg 0x18: [io  0x0170-0x0177]
[   12.465156] pci 0000:00:01.1: legacy IDE quirk: reg 0x1c: [io  0x0376]
[   12.514966] pci 0000:00:07.0: quirk: [io  0x4000-0x403f] claimed by PIIX4 ACPI
[   12.541990] pci 0000:00:07.0: quirk: [io  0x4100-0x410f] claimed by PIIX4 SMB
[   12.591870] ACPI: PCI Interrupt Link [LNKA] (IRQs 5 9 10 *11)
[   12.700775] ACPI: PCI Interrupt Link [LNKB] (IRQs 5 9 10 *11)
[   12.776286] ACPI: PCI Interrupt Link [LNKC] (IRQs 5 9 *10 11)
[   12.832388] ACPI: PCI Interrupt Link [LNKD] (IRQs 5 *9 10 11)
[   12.909576] ACPI: Enabled 2 GPEs in block 00 to 07
[   12.964170] vgaarb: setting as boot device: PCI:0000:00:02.0
[   13.048790] vgaarb: device added: PCI:0000:00:02.0,decodes=io+mem,owns=io+mem,locks=none
[   13.159269] vgaarb: loaded
[   13.195043] vgaarb: bridge control possible 0000:00:02.0
[   13.267024] SCSI subsystem initialized
[   13.299657] ACPI: bus type USB registered
[   13.323889] usbcore: registered new interface driver usbfs
[   13.397065] usbcore: registered new interface driver hub
[   13.443270] usbcore: registered new device driver usb
[   13.446427] PCI: Using ACPI for IRQ routing
[   13.489061] NetLabel: Initializing
[   13.508188] NetLabel:  domain hash size = 128
[   13.595014] NetLabel:  protocols = UNLABELED CIPSOv4
[   13.597715] NetLabel:  unlabeled traffic allowed by default
[   13.644694] amd_nb: Cannot enumerate AMD northbridges
[   13.672373] clocksource: Switched to clocksource kvm-clock
[   13.718635] AppArmor: AppArmor Filesystem Enabled
[   13.789625] pnp: PnP ACPI init
[   13.873827] pnp: PnP ACPI: found 3 devices
[   13.940825] clocksource: acpi_pm: mask: 0xffffff max_cycles: 0xffffff, max_idle_ns: 2085701024 ns
[   14.088071] NET: Registered protocol family 2
[   14.197139] TCP established hash table entries: 32768 (order: 6, 262144 bytes)
[   14.317615] TCP bind hash table entries: 32768 (order: 7, 524288 bytes)
[   14.449183] TCP: Hash tables configured (established 32768 bind 32768)
[   14.622414] UDP hash table entries: 2048 (order: 4, 65536 bytes)
[   14.769994] UDP-Lite hash table entries: 2048 (order: 4, 65536 bytes)
[   14.773976] NET: Registered protocol family 1
[   14.809080] pci 0000:00:00.0: Limiting direct PCI/PCI transfers
[   14.861372] pci 0000:00:01.0: Activating ISA DMA hang workarounds
[   14.973618] Unpacking initramfs...
[   15.325733] Freeing initrd memory: 14796K
[   15.418345] RAPL PMU detected, API unit is 2^-32 Joules, 4 fixed counters 10737418240 ms ovfl timer
[   15.528803] hw unit of domain pp0-core 2^-0 Joules
[   15.628954] hw unit of domain package 2^-0 Joules
[   15.707955] hw unit of domain dram 2^-0 Joules
[   15.795804] hw unit of domain pp1-gpu 2^-0 Joules
[   15.835180] platform rtc_cmos: registered platform RTC device (no PNP device found)
[   15.949340] Scanning for low memory corruption every 60 seconds
[   15.981043] audit: initializing netlink subsys (disabled)
[   16.016259] audit: type=2000 audit(1541612913.565:1): initialized
[   16.142427] Initialise system trusted keyring
[   16.209775] HugeTLB registered 2 MB page size, pre-allocated 0 pages
[   16.342535] zbud: loaded
[   16.372016] VFS: Disk quotas dquot_6.6.0
[   16.439869] VFS: Dquot-cache hash table entries: 512 (order 0, 4096 bytes)
[   16.449954] squashfs: version 4.0 (2009/01/31) Phillip Lougher
[   16.503893] fuse init (API version 7.23)
[   16.585094] Key type big_key registered
[   16.653302] Allocating IMA MOK and blacklist keyrings.
[   16.732479] Key type asymmetric registered
[   16.765610] Asymmetric key parser 'x509' registered
[   16.822542] Block layer SCSI generic (bsg) driver version 0.4 loaded (major 249)
[   16.832908] tsc: Refined TSC clocksource calibration: 2397.752 MHz
[   16.832909] clocksource: tsc: mask: 0xffffffffffffffff max_cycles: 0x228febd1e5b, max_idle_ns: 440795292678 ns
[   17.047242] io scheduler noop registered
[   17.059537] io scheduler deadline registered (default)
[   17.074000] io scheduler cfq registered
[   17.089769] pci_hotplug: PCI Hot Plug PCI Core version: 0.5
[   17.156834] pciehp: PCI Express Hot Plug Controller Driver version: 0.4
[   17.238135] ACPI: AC Adapter [AC] (on-line)
[   17.271432] input: Power Button as /devices/LNXSYSTM:00/LNXPWRBN:00/input/input0
[   17.338696] ACPI: Power Button [PWRF]
[   17.406746] input: Sleep Button as /devices/LNXSYSTM:00/LNXSLPBN:00/input/input1
[   17.487924] ACPI: Sleep Button [SLPF]
[   17.526038] ACPI: Battery Slot [BAT0] (battery present)
[   17.608499] GHES: HEST is not enabled!
[   17.622427] Serial: 8250/16550 driver, 32 ports, IRQ sharing enabled
[   17.722267] 00:02: ttyS0 at I/O 0x3f8 (irq = 4, base_baud = 115200) is a 16550A
[   17.777999] Linux agpgart interface v0.103
[   17.824699] loop: module loaded
[   17.881396] scsi host0: ata_piix
[   17.922001] scsi host1: ata_piix
[   17.954927] ata1: PATA max UDMA/33 cmd 0x1f0 ctl 0x3f6 bmdma 0xd000 irq 14
[   17.978279] ata2: PATA max UDMA/33 cmd 0x170 ctl 0x376 bmdma 0xd008 irq 15
[   17.979929] libphy: Fixed MDIO Bus: probed
[   17.980735] tun: Universal TUN/TAP device driver, 1.6
[   17.985055] tun: (C) 1999-2004 Max Krasnyansky <maxk@qualcomm.com>
[   17.986141] PPP generic driver version 2.4.2
[   17.993152] ehci_hcd: USB 2.0 'Enhanced' Host Controller (EHCI) Driver
[   17.999867] ehci-pci: EHCI PCI platform driver
[   18.000684] ehci-platform: EHCI generic platform driver
[   18.030876] ohci_hcd: USB 1.1 'Open' Host Controller (OHCI) Driver
[   18.094302] ohci-pci: OHCI PCI platform driver
[   18.098621] ohci-platform: OHCI generic platform driver
[   18.099791] uhci_hcd: USB Universal Host Controller Interface driver
[   18.104623] i8042: PNP: PS/2 Controller [PNP0303:PS2K,PNP0f03:PS2M] at 0x60,0x64 irq 1,12
[   18.123445] serio: i8042 KBD port at 0x60,0x64 irq 1
[   18.180747] serio: i8042 AUX port at 0x60,0x64 irq 12
[   18.182788] mousedev: PS/2 mouse device common for all mice
[   18.192717] input: AT Translated Set 2 keyboard as /devices/platform/i8042/serio0/input/input2
[   18.212645] rtc_cmos rtc_cmos: rtc core: registered rtc_cmos as rtc0
[   18.223239] rtc_cmos rtc_cmos: alarms up to one day, 114 bytes nvram
[   18.287643] i2c /dev entries driver
[   18.354039] device-mapper: uevent: version 1.0.3
[   18.482690] device-mapper: ioctl: 4.34.0-ioctl (2015-10-28) initialised: dm-devel@redhat.com
[   18.581907] ledtrig-cpu: registered to indicate activity on CPUs
[   18.674044] NET: Registered protocol family 10
[   18.733476] NET: Registered protocol family 17
[   18.803714] Key type dns_resolver registered
[   18.886603] registered tasksats version 1
[   18.960508] Loading compiled-in X.509 certificates
[   19.015790] Loaded X.509 cert 'Build time autogenerated kernel key: 20acc96b50ca7641011eace69d32209215a9b56f'
[   19.127547] zswap: loaded using pool lzo/zbud
[   19.147715] Key type trusted registered
[   19.192816] Key type encrypted registered
[   19.224051] AppArmor: AppArmor sha1 policy hashing enabled
[   19.243911] ima: No TPM chip found, activating TPM-bypass!
[   19.279462] ima: Allocated hash algorithm: sha1
[   19.303462] evm: HMAC attrs: 0x1
[   19.305222]   Magic number: 10:148:845
[   19.327357] rtc_cmos rtc_cmos: setting system clock to 2018-11-07 17:48:43 UTC (1541612923)
[   19.335183] BIOS EDD facility v0.16 2004-Jun-25, 0 devices found
[   19.373233] EDD information not available.
[   19.423132] Freeing unused kernel memory: 1528K
[   19.456742] Write protecting the kernel read-only data: 14336k
[   19.521079] Freeing unused kernel memory: 1672K
[   19.564704] Freeing unused kernel memory: 92K
Loading, please wait...
[   19.603337] random: systemd-udevd: uninitialized urandom read (16 bytes read, 7 bits of entropy available)
starting version[   19.604049] random: udevadm: uninitialized urandom read (16 bytes read, 7 bits of entropy available)
 229
[   19.604087] random: udevadm: uninitialized urandom read (16 bytes read, 7 bits of entropy available)
[   19.617306] random: udevadm: uninitialized urandom read (16 bytes read, 7 bits of entropy available)
[   19.617371] random: udevadm: uninitialized urandom read (16 bytes read, 7 bits of entropy available)
[   19.617656] random: udevadm: uninitialized urandom read (16 bytes read, 7 bits of entropy available)
[   19.617745] random: udevadm: uninitialized urandom read (16 bytes read, 7 bits of entropy available)
[   19.617830] random: udevadm: uninitialized urandom read (16 bytes read, 7 bits of entropy available)
[   19.617916] random: udevadm: uninitialized urandom read (16 bytes read, 7 bits of entropy available)
[   19.618012] random: udevadm: uninitialized urandom read (16 bytes read, 7 bits of entropy available)
[   20.578883] Fusion MPT base driver 3.04.20
[   20.631448] Copyright (c) 1999-2008 LSI Corporation
[   20.700091] e1000: Intel(R) PRO/1000 Network Driver - version 7.3.21-k8-NAPI
[   20.754503] e1000: Copyright (c) 1999-2006 Intel Corporation.
[   20.797477] AVX version of gcm_enc/dec engaged.
[   20.820295] AES CTR mode by8 optimization enabled
[   20.882954] Fusion MPT SPI Host driver 3.04.20
[   21.117870] input: ImExPS/2 Generic Explorer Mouse as /devices/platform/i8042/serio1/input/input4
[   21.217104] e1000 0000:00:03.0 eth0: (PCI:33MHz:32-bit) 02:e1:e1:d1:e4:77
[   21.354763] e1000 0000:00:03.0 eth0: Intel(R) PRO/1000 Network Connection
[   21.457954] mptbase: ioc0: Initiating bringup
[   21.458391] e1000 0000:00:03.0 enp0s3: renamed from eth0
[   21.633073] ioc0: LSI53C1030 A0: Capabilities={Initiator}
[   21.882850] scsi host2: ioc0: LSI53C1030 A0, FwRev=00000000h, Ports=1, MaxQ=256, IRQ=20
[   22.100846] scsi 2:0:0:0: Direct-Access     VBOX     HARDDISK         1.0  PQ: 0 ANSI: 5
[   22.175807] scsi target2:0:0: Beginning Domain Validation
[   22.217031] scsi target2:0:0: Domain Validation skipping write tests
[   22.223676] scsi target2:0:0: Ending Domain Validation
[   22.308796] scsi target2:0:0: asynchronous
[   22.361347] scsi 2:0:1:0: Direct-Access     VBOX     HARDDISK         1.0  PQ: 0 ANSI: 5
[   22.471340] scsi target2:0:1: Beginning Domain Validation
[   22.528442] scsi target2:0:1: Domain Validation skipping write tests
[   22.620817] scsi target2:0:1: Ending Domain Validation
[   22.716450] scsi target2:0:1: asynchronous
[   22.811381] sd 2:0:0:0: Attached scsi generic sg0 type 0
[   22.811749] sd 2:0:0:0: [sda] 20971520 512-byte logical blocks: (10.7 GB/10.0 GiB)
[   22.811865] sd 2:0:0:0: [sda] Write Protect is off
[   22.811944] sd 2:0:0:0: [sda] Incomplete mode parameter data
[   22.811945] sd 2:0:0:0: [sda] Assuming drive cache: write through
[   22.887986]  sda: sda1
[   22.888748] sd 2:0:0:0: [sda] Attached SCSI disk
[   22.968348] sd 2:0:1:0: [sdb] 20480 512-byte logical blocks: (10.5 MB/10.0 MiB)
[   23.091367] sd 2:0:1:0: Attached scsi generic sg1 type 0
[   23.187085] sd 2:0:1:0: [sdb] Write Protect is off
[   23.262004] sd 2:0:1:0: [sdb] Incomplete mode parameter data
[   23.345514] sd 2:0:1:0: [sdb] Assuming drive cache: write through
[   23.477639] sd 2:0:1:0: [sdb] Attached SCSI disk
Begin: Loading e[   24.970131] md: linear personality registered for level -1
ssential drivers[   25.050914] md: multipath personality registered for level -4
 ... [   25.106800] md: raid0 personality registered for level 0
[   25.120848] md: raid1 personality registered for level 1
[   25.244640] raid6: sse2x1   gen()  7419 MB/s
[   25.352914] raid6: sse2x1   xor()  6550 MB/s
[   25.476812] raid6: sse2x2   gen() 10626 MB/s
[   25.608494] raid6: sse2x2   xor()  6953 MB/s
[   25.728460] raid6: sse2x4   gen() 12577 MB/s
[   25.856385] raid6: sse2x4   xor()  8420 MB/s
[   25.924169] raid6: using algorithm sse2x4 gen() 12577 MB/s
[   25.950309] raid6: .... xor() 8420 MB/s, rmw enabled
[   26.044903] raid6: using ssse3x2 recovery algorithm
[   26.057613] xor: automatically using best checksumming function:
[   26.156703]    avx       : 23308.000 MB/sec
[   26.218997] async_tx: api initialized (async)
[   26.250374] md: raid6 personality registered for level 6
[   26.302893] md: raid5 personality registered for level 5
[   26.320195] md: raid4 personality registered for level 4
[   26.362718] md: raid10 personality registered for level 10
done.
Begin: Running /scripts/init-p[   26.470625] Btrfs loaded
remount ... done.
Begin: Mounting root file system ... Begin: Running /scripts/local-top ... done.
Begin: Running /scripts/local-premount ... Scanning for Btrfs filesystems
done.
Warning: fsck not present, so skipping root file system
[   26.717393] EXT4-fs (sda1): mounted filesystem with ordered data mode. Opts: (null)
done.
Begin: Running /scripts/local-bottom ... done.
Begin: Running /scripts/init-bottom ... done.
[   27.175636] random: nonblocking pool is initialized
[   28.071015] systemd[1]: systemd 229 running in system mode. (+PAM +AUDIT +SELINUX +IMA +APPARMOR +SMACK +SYSVINIT +UTMP +LIBCRYPTSETUP +GCRYPT +GNUTLS +ACL +XZ -LZ4 +SECCOMP +BLKID +ELFUTILS +KMOD -IDN)
[   28.297828] systemd[1]: Detected virtualization oracle.
[   28.365468] systemd[1]: Detected architecture x86-64.

Welcome to [1mUbuntu 16.04.5 LTS[0m!

[   28.639448] systemd[1]: Set hostname to <ubuntu-xenial>.
[   30.203316] systemd[1]: Listening on /dev/initctl Compatibility Named Pipe.
[[0;32m  OK  [0m] Listening on /dev/initctl Compatibility Named Pipe.
[   30.360607] systemd[1]: Started Forward Password Requests to Wall Directory Watch.
[[0;32m  OK  [0m] Started Forward Password Requests to Wall Directory Watch.
[   30.565538] systemd[1]: Listening on udev Control Socket.
[[0;32m  OK  [0m] Listening on udev Control Socket.
[   30.724626] systemd[1]: Listening on Journal Socket (/dev/log).
[[0;32m  OK  [0m] Listening on Journal Socket (/dev/log).
[   30.813307] systemd[1]: Reached target Encrypted Volumes.
[[0;32m  OK  [0m] Reached target Encrypted Volumes.
[   30.936890] systemd[1]: Listening on LVM2 metadata daemon socket.
[[0;32m  OK  [0m] Listening on LVM2 metadata daemon socket.
[   31.124735] systemd[1]: Listening on Journal Audit Socket.
[[0;32m  OK  [0m] Listening on Journal Audit Socket.
[   31.261190] systemd[1]: Listening on udev Kernel Socket.
[[0;32m  OK  [0m] Listening on udev Kernel Socket.
[   31.381422] systemd[1]: Reached target System Time Synchronized.
[[0;32m  OK  [0m] Reached target System Time Synchronized.
[   31.492608] systemd[1]: Listening on Device-mapper event daemon FIFOs.
[[0;32m  OK  [0m] Listening on Device-mapper event daemon FIFOs.
[   31.589451] systemd[1]: Listening on LVM2 poll daemon socket.
[[0;32m  OK  [0m] Listening on LVM2 poll daemon socket.
[   31.728849] systemd[1]: Reached target Swap.
[[0;32m  OK  [0m] Reached target Swap.
[   31.820843] systemd[1]: Started Trigger resolvconf update for networkd DNS.
[[0;32m  OK  [0m] Started Trigger resolvconf update for networkd DNS.
[   31.908732] systemd[1]: Listening on Journal Socket.
[[0;32m  OK  [0m] Listening on Journal Socket.
[   31.969746] systemd[1]: Set up automount Arbitrary Executable File Formats File System Automount Point.
[[0;32m  OK  [0m] Set up automount Arbitrary Executab...ats File System Automount Point.
[   32.152951] systemd[1]: Created slice User and Session Slice.
[[0;32m  OK  [0m] Created slice User and Session Slice.
[   32.256610] systemd[1]: Reached target User and Group Name Lookups.
[[0;32m  OK  [0m] Reached target User and Group Name Lookups.
[   32.412761] systemd[1]: Listening on Syslog Socket.
[[0;32m  OK  [0m] Listening on Syslog Socket.
[   32.510440] systemd[1]: Created slice System Slice.
[[0;32m  OK  [0m] Created slice System Slice.
[   32.633324] systemd[1]: Starting Uncomplicated firewall...
         Starting Uncomplicated firewall...
[   32.733330] systemd[1]: Starting Monitoring of LVM2 mirrors, snapshots etc. using dmeventd or progress polling...
         Starting Monitoring of LVM2 mirrors... dmeventd or progress polling...
[   32.888558] systemd[1]: Mounting Debug File System...
         Mounting Debug File System...
[   32.960696] systemd[1]: Reached target Slices.
[[0;32m  OK  [0m] Reached target Slices.
[   33.057376] systemd[1]: Starting Journal Service...
         Starting Journal Service...
[   33.172582] systemd[1]: Mounting Huge Pages File System...
         Mounting Huge Pages File System...
[   33.257021] systemd[1]: Starting Create list of required static device nodes for the current kernel...
         Starting Create list of required st... nodes for the current kernel...
[   33.364660] systemd[1]: Starting Nameserver information manager...
         Starting Nameserver information manager...
[   33.484691] systemd[1]: Starting Set console keymap...
         Starting Set console keymap...
[   33.648957] systemd[1]: Starting Load Kernel Modules...
         Starting Load Kernel Modules...
[   33.726482] systemd[1]: Created slice system-serial\x2dgetty.slice.
[[0;32m  OK  [0m] Created slic[   33.801123] Loading iSCSI transport class v2.0-870.
e system-serial\x2dgetty.slice.
[   33.905110] systemd[1]: Mounting POSIX Message Queue File System...
[   33.905111] iscsi: registered transport (tcp)
         Mounting POSIX Message Queue File System...
[   34.016736] systemd[1]: Starting Remount Root and Kernel File Systems...
[   34.103755] iscsi: registered transport (iser)
         [   34.113943] EXT4-fs (sda1): re-mounted. Opts: (null)
Starting Remount Root and Kernel File Systems...
[   34.265798] systemd[1]: Mounted Debug File System.
[[0;32m  OK  [0m] Mounted Debug File System.
[   34.376977] systemd[1]: Mounted Huge Pages File System.
[[0;32m  OK  [0m] Mounted Huge Pages File System.
[   34.569378] systemd[1]: Mounted POSIX Message Queue File System.
[[0;32m  OK  [0m] Mounted POSIX Message Queue File System.
[   34.812737] systemd[1]: Started Journal Service.
[[0;32m  OK  [0m] Started Journal Service.
[[0;32m  OK  [0m] Started Uncomplicated firewall.
[[0;32m  OK  [0m] Started Create list of required sta...ce nodes for the current kernel.
[[0;32m  OK  [0m] Started Set console keymap.
[[0;32m  OK  [0m] Started Load Kernel Modules.
[[0;32m  OK  [0m] Started Remount Root and Kernel File Systems.
[[0;32m  OK  [0m] Started Nameserver information manager.
[[0;32m  OK  [0m] Started LVM2 metadata daemon.
         Starting Load/Save Random Seed...
         Starting udev Coldplug all Devices...
         Mounting FUSE Control File System...
         Starting Apply Kernel Variables...
         Starting Create Static Device Nodes in /dev...
         Starting Flush Journal to Persistent Storage...
[[0;32m  OK  [0m] Mounted FUSE Control File System.
[[0;32m  OK  [0m] Started Load/Save Random Seed.
[[0;32m  OK  [0m] Started Apply Kernel Variables.
[[0;32m  OK  [0m] Started Monitoring of LVM2 mirrors,...ng dmeventd or progress polling.
[[0;32m  OK  [0m] Started Create Static Device Nodes in /dev.
[[0;32m  OK  [0m] Started udev Coldplug all Devices.
         Starting udev Kernel Device Manager...
[[0;32m  OK  [0m] Started Flush Journal to Persistent Storage.
[[0;32m  OK  [0m] Started udev Kernel Device Manager.
[[0;32m  OK  [0m] Reached target Local File Systems (Pre).
[[0;32m  OK  [0m] Reached target Local File Systems.
         Starting Set console font and keymap...
         Starting LSB: AppArmor initialization...
         Starting Create Volatile Files and Directories...
         Starting Tell Plymouth To Write Out Runtime Data...
         Starting Initial cloud-init job (pre-networking)...
[[0;32m  OK  [0m] Started Dispatch Password Requests to Console Directory Watch.
[[0;32m  OK  [0m] Started Tell Plymouth To Write Out Runtime Data.
[[0;32m  OK  [0m] Found device /dev/ttyS0.
[[0;32m  OK  [0m] Listening on Load/Save RF Kill Switch Status /dev/rfkill Watch.
[[0;32m  OK  [0m] Started Create Volatile Files and Directories.
         Starting Update UTMP about System Boot/Shutdown...
[[0;32m  OK  [0m] Found device 82540EM Gigabit Ethern...r (PRO/1000 MT Desktop Adapter).
[[0;32m  OK  [0m] Started Set console font and keymap.
[[0;32m  OK  [0m] Created slice system-getty.slice.
[[0;32m  OK  [0m] Started Update UTMP about System Boot/Shutdown.
[[0;32m  OK  [0m] Started LSB: AppArmor initialization.
[   32.929026] cloud-init[495]: Cloud-init v. 18.3-9-g2e62cb8a-0ubuntu1~16.04.2 running 'init-local' at Wed, 07 Nov 2018 17:49:09 +0000. Up 31.97 seconds.
[[0;32m  OK  [0m] Started Initial cloud-init job (pre-networking).
[[0;32m  OK  [0m] Reached target Network (Pre).
         Starting Raise network interfaces...
[[0;32m  OK  [0m] Started ifup for enp0s3.
[[0;32m  OK  [0m] Started Raise network interfaces.
         Starting Initial cloud-init job (metadata service crawler)...
[[0;32m  OK  [0m] Reached target Network.
[   35.087772] cloud-init[959]: Cloud-init v. 18.3-9-g2e62cb8a-0ubuntu1~16.04.2 running 'init' at Wed, 07 Nov 2018 17:49:11 +0000. Up 34.07 seconds.
[[0;32m  OK  [0m] Started Initial cloud-init job (metadata service crawler).
[[0;32m  OK  [0m] Reached target System Initialization.
[   35.238548] cloud-init[959]: ci-info: ++++++++++++++++++++++++++++++++++++++Net device info++++++++++++++++++++++++++++++++++++++
[   35.513231]          cloud-initStarting LXD - unix socket.[959]: 
ci-info: +--------+------+----------------------------+---------------+--------+-------------------+
[   35.686843] cloud-init[959]: ci-info: | Device |  Up  |          Address           |      Mask     | Scope  |     Hw-Address    |
[[0;32m  OK  [0m] Listening on UUID daemon activation socket.
[   35.687428] cloud-init[959]: ci-info: +--------+------+----------------------------+---------------+--------+-------------------+
[   35.893070] [cloud-init[0;32m  OK  [0m[959]: ] ci-info: | enp0s3 | True |         10.0.2.15          | 255.255.255.0 | global | 02:e1:e1:d1:e4:77 |Started ACPI Events Check.

[   36.046203] [cloud-init[0;32m  OK  [0m[959]: ] ci-info: | enp0s3 | True | fe80::e1:e1ff:fed1:e477/64 |       .       |  link  | 02:e1:e1:d1:e4:77 |Reached target Paths.

[   36.196818] [cloud-init[0;32m  OK  [0m[959]: ] ci-info: |   lo   | True |         127.0.0.1          |   255.0.0.0   |  host  |         .         |Listening on ACPID Listen Socket.

         Starting Socket activation for snappy daemon.
[   36.197508] cloud-init[959]: ci-info: |   lo   | True |          ::1/128           |       .       |  host  |         .         |
[   36.431031] [cloud-init[0;32m  OK  [0m[959]: ] ci-info: +--------+------+----------------------------+---------------+--------+-------------------+Started Daily apt download activities.

[   36.431588] [cloud-init[0;32m  OK  [0m[959]: ] ci-info: +++++++++++++++++++++++++++Route IPv4 info++++++++++++++++++++++++++++Started Daily apt upgrade and clean activities.

[   36.677147] [cloud-init[0;32m  OK  [0m[959]: ] ci-info: +-------+-------------+----------+---------------+-----------+-------+Started Daily Cleanup of Temporary Directories.

[   36.677683] [cloud-init[0;32m  OK  [0m[959]: ] ci-info: | Route | Destination | Gateway  |    Genmask    | Interface | Flags |Listening on D-Bus System Message Bus Socket.

[   36.828909] [cloud-init[0;32m  OK  [0m[959]: ] ci-info: +-------+-------------+----------+---------------+-----------+-------+Reached target Timers.

[   36.942467] [cloud-init[0;32m  OK  [0m[959]: ] ci-info: |   0   |   0.0.0.0   | 10.0.2.2 |    0.0.0.0    |   enp0s3  |   UG  |Reached target Cloud-config availability.

[   37.033203] cloud-init[959]: ci-info: |   1   |   10.0.2.0  | 0.0.0.0  | 255.255.255.0 |   enp0s3  |   U   |
[[0;32m  OK  [0m] Reached target Network is Online.
[   37.176969] cloud-init[959]: ci-info: +-------+-------------+----------+---------------+-----------+-------+
[   37.356809]          cloud-initStarting iSCSI initiator daemon (iscsid)...[959]: 
ci-info: +++++++++++++++++++Route IPv6 info+++++++++++++++++++
[   37.378958] [cloud-init[0;32m  OK  [0m[959]: ] ci-info: +-------+-------------+---------+-----------+-------+Listening on LXD - unix socket.

[[0;32m  OK  [0m] Listening on Socket activation for snappy daemon.
[   37.379412] cloud-init[959]: ci-info: | Route | Destination | Gateway | Interface | Flags |
[   37.536926] [cloud-init[0;32m  OK  [0m[959]: ] ci-info: +-------+-------------+---------+-----------+-------+Reached target Sockets.

[   37.537489] [cloud-init[0;32m  OK  [0m[959]: ] ci-info: |   0   |  fe80::/64  |    ::   |   enp0s3  |   U   |Reached target Basic System.

[   37.641540] cloud-init[959]: ci-info: |   3   |   ff00::/8  |    ::   |   enp0s3  |   U   |
[   37.780637] [cloud-init[0;32m  OK  [0m[959]: ] ci-info: +-------+-------------+---------+-----------+-------+Started FUSE filesystem for LXC.

[[0;32m  OK  [0m] Started Unattended Upgrades Shutdown.
         Starting Login Service...
         Starting OpenBSD Secure Shell server...
[[0;32m  OK  [0m] Started D-Bus System Message Bus.
         Starting Virtualbox guest utils...
[[0;32m  OK  [0m] Started Regular background program processing daemon.
[[0;32m  OK  [0m] Started Deferred execution scheduler.
         Starting LSB: MD monitoring daemon...
         Starting Accounts Service...
[[0;32m  OK  [0m] Started ACPI event daemon.
         Starting System Logging Service...
         Starting Snappy daemon...
         Starting /etc/rc.local Compatibility...
         Starting LSB: Record successful boot for GRUB...
         Starting LXD - container startup/shutdown...
[[0;32m  OK  [0m] Started OpenBSD Secure Shell server.
[[0;32m  OK  [0m] Started iSCSI initiator daemon (iscsid).
[[0;32m  OK  [0m] Started /etc/rc.local Compatibility.
[[0;32m  OK  [0m] Started System Logging Service.
         Starting Login to default iSCSI targets...
[[0;32m  OK  [0m] Started Login Service.
         Starting Authenticate and Authorize Users to Run Privileged Tasks...
[[0;32m  OK  [0m] Started LSB: Record successful boot for GRUB.
[[0;32m  OK  [0m] Started Login to default iSCSI targets.
[[0;32m  OK  [0m] Reached target Remote File Systems (Pre).
[[0;32m  OK  [0m] Reached target Remote File Systems.
         Starting Permit User Sessions...
         Starting LSB: daemon to balance interrupts for SMP systems...
         Starting LSB: Set the CPU Frequency Scaling governor to "ondemand"...
         Starting LSB: Apache2 web server...
         Starting LSB: automatic crash report generation...
[[0;32m  OK  [0m] Started Virtualbox guest utils.
[[0;32m  OK  [0m] Started LSB: MD monitoring daemon.
[[0;32m  OK  [0m] Started Permit User Sessions.
[[0;32m  OK  [0m] Started Authenticate and Authorize Users to Run Privileged Tasks.
[[0;32m  OK  [0m] Started Accounts Service.
[[0;32m  OK  [0m] Started LSB: Set the CPU Frequency Scaling governor to "ondemand".
         Starting Terminate Plymouth Boot Screen...
         Starting Hold until boot process finishes up...
[[0;32m  OK  [0m] Started Terminate Plymouth Boot Screen.
[[0;32m  OK  [0m] Started LSB: daemon to balance interrupts for SMP systems.
[[0;32m  OK  [0m] Started Hold until boot process finishes up.
[[0;32m  OK  [0m] Started Getty on tty1.
[[0;32m  OK  [0m] Started Serial Getty on ttyS0.
[[0;32m  OK  [0m] Reached target Login Prompts.
         Starting Set console scheme...
[[0;32m  OK  [0m] Started LSB: automatic crash report generation.
[[0;32m  OK  [0m] Started Set console scheme.
[[0;32m  OK  [0m] Started Snappy daemon.
         Starting Wait until snapd is fully seeded...
[[0;32m  OK  [0m] Started Wait until snapd is fully seeded.
         Starting Apply the settings specified in cloud-config...
[[0;32m  OK  [0m] Started LXD - container startup/shutdown.
[   45.435310] cloud-init[1207]: Cloud-init v. 18.3-9-g2e62cb8a-0ubuntu1~16.04.2 running 'modules:config' at Wed, 07 Nov 2018 17:49:22 +0000. Up 44.97 seconds.
[[0;32m  OK  [0m] Started Apply the settings specified in cloud-config.
[[0;32m  OK  [0m] Created slice User Slice of vagrant.
         Starting User Manager for UID 1000...
[[0;32m  OK  [0m] Started Session 1 of user vagrant.
[[0;32m  OK  [0m] Started User Manager for UID 1000.

Ubuntu 16.04.5 LTS ubuntu-xenial ttyS0

ubuntu-xenial login: [   51.331738] cloud-init[1408]: Cloud-init v. 18.3-9-g2e62cb8a-0ubuntu1~16.04.2 running 'modules:final' at Wed, 07 Nov 2018 17:49:28 +0000. Up 51.15 seconds.
[   51.332279] cloud-init[1408]: Cloud-init v. 18.3-9-g2e62cb8a-0ubuntu1~16.04.2 finished at Wed, 07 Nov 2018 17:49:28 +0000. Datasource DataSourceNoCloud [seed=/dev/sdb][dsmode=net].  Up 51.32 seconds
